# 1. 权限认证

### `mysql` 内的数据库存放位置

```mysql
# mysql内的数据库存放位置
select * from mysql.db where user="mysql.user" and host="localhost";
select * from mysql.user where user="mysql.user" and host="localhost";
select * from mysql.tables_priv where user="mysql.user" and host="localhhost";
```

### 数据库级别权限

```mysql
# 给予查询权限 # 第一个*表示所有的数据库, 第二个*表示数据库的所有表对象
grant select on *.* to test@localhost;

# 收回查询权限
revoke select on *.* from test@localhost;

# 查看权限
show grants for test@localhost;

# 对象级别权限
# 给予指定库指定表的查询权限
grant select on course.students to test@localhost;

# 字段级别权限
grant select(id) on course.students to test@localhost;

# 给予用户增删改权限
grant update,delete,insert on course.* to test@localhost;

# select 关键字后面可以做数学运算(+,-,*,/,%).

# 查看创建用户的信息
show create user jack@localhost;

# 控制更精确的ip字段
update mysql.user set host="10.0.0.1%" where user="test";
```

#### 字段大小写敏感

`user`, `password`, `authencation_string` , `db`, `table_name`

#### 字段大小写不敏感

`host`, `column_name`, `routine_name` 

### 权限信息

```mysql
mysql> grant all privileges on *.* to "test"@"10.0.0.1%";
Query OK, 0 rows affected (0.01 sec)

mysql> show grants for "test"@"10.0.0.1%";
+-----------------------------------------------------------------------+
| Grants for test@10.0.0.1%
+-----------------------------------------------------------------------+
| GRANT SELECT, INSERT, UPDATE, DELETE, CREATE, DROP, RELOAD, SHUTDOWN, PROCESS, FILE, REFERENCES, INDEX, ALTER, SHOW DATABASES, SUPER, CREATE TEMPORARY TABLES, LOCK TABLES, EXECUTE, REPLICATION SLAVE, REPLICATION CLIENT, CREATE VIEW, SHOW VIEW, CREATE ROUTINE, ALTER ROUTINE, CREATE USER, EVENT, TRIGGER, CREATE TABLESPACE, CREATE ROLE, DROP ROLE ON *.* TO `test`@`10.0.0.1%`       |
| GRANT APPLICATION_PASSWORD_ADMIN,AUDIT_ADMIN,BACKUP_ADMIN,BINLOG_ADMIN,BINLOG_ENCRYPTION_ADMIN,CLONE_ADMIN,CONNECTION_ADMIN,ENCRYPTION_KEY_ADMIN,GROUP_REPLICATION_ADMIN,INNODB_REDO_LOG_ARCHIVE,PERSIST_RO_VARIABLES_ADMIN,REPLICATION_APPLIER,REPLICATION_SLAVE_ADMIN,RESOURCE_GROUP_ADMIN,RESOURCE_GROUP_USER,ROLE_ADMIN,SERVICE_CONNECTION_ADMIN,SESSION_VARIABLES_ADMIN,SET_USER_ID,SYSTEM_USER,SYSTEM_VARIABLES_ADMIN,TABLE_ENCRYPTION_ADMIN,XA_RECOVER_ADMIN ON *.* TO `test`@`10.0.0.1%` |
+-----------------------------------------------------------------------+
2 rows in set (0.00 sec)
```

# 2. 用户密码

```mysql
# 创建用户(create)
create user test@"10.0.0.1%" identified by "666";

# 修改密码
alter user 'root'@'localhost' identified with mysql_native_password by '666';

# 授权(grent) (select,insert,update,delete,create,drop)
grant all privileges on *.* to "test"@"localhost";

grant all on *.* to "test"@"localhost";

# 当授权所有权限但该数据库不存在时,会自动创建该数据库
grant all on gosql.* to "gosql"@"%";

# 授权单个权限
grant reload,process on *.* to "test"@"localhost"; 

# 回收权限(revoke)
revoke all privileges on *.* from "test"@"10.0.0.1%";
revoke all on *.* from "test"@"localhost";
# 回收单个权限
revoke delete on *.* from "test"@"10.0.0.1%";

# 删除用户(drop)
drop user test@"10.0.0.%";

# max_queries_per_hour 用户每小时最大可查询次数
# max_updates_per_hour 用户每小时最大可修改次数
# max_connections_per_hour 用户每小时最多可连接次数
# max_user_connections 用户在同一时间可连接数量(并发)

# 用户资源限制
create user "test"@"localhost" identified by "666" with
max_queries_per_hour 20
max_updates_per_hour 10
max_connections_per_hour 5
max_user_connections 2;

# 用户资源修改
alter user "test"@"localhost" with max_queries_per_hour 200;

# 用户资源权限限制(即把赋值修改为0)
alter user "test"@"localhost" with max_queries_per_hour 0;

# 密码过期策略
alter user "test"@"localhost" password expire interval 90 day;
alter user "test"@"localhost" password expire never;
alter user "test"@"localhost" password expire default;

# 手动强制设置某用户密码过期
alter user "test"@localhost passowrd expire;

# 账户加锁, 解锁
# select user,host,account_locked from mysql.user;

alter user "test"@"localhost" account lock;
alter user "test"@"localhsot" account unlock;

```

```mysql
alter user "test"@"%" account lock;
select user,host,account_locked from mysql.user;

> mysql -utest -p -h192.168.1.103
Enter password: ***
ERROR 3118 (HY000): Access denied for user 'test'@'me'. Account is locked.
```

```mysql
# 成产场景中,MySQL用户的 创建通常由DBA统一协调创建,且按需分配(最小化原则)
# DBA通常直接使用root用户来管理数据库
# 通常创建指定业务数据上的增删改查, 临时表,执行存储过程的权限给应用程序,来连接数据库
create user web_app identified by "passwd";
grant select,update,insert,delete,create temporary tables,execute 
on web.* to "web_app"@"10.0.0.%";

# 通常也会创建指定业务数据库上的只读权限给特定应用程序或某些高级别人员来查询数据,
# 方式数据被修改
create user web_app identified by "passwd";
grant select on web_app.* to "web_app"@"10.0.0.%";

# 角色用户(组):= 把权限抽象给个一个角色用户,直接授权该角色给用户即可授权相应的权限
-- 创建角色用户并授权
create role app_rw;
grant select,update,insert on app_rw.* to app_rw;
-- 创建用户
create user app1@"localhost" identified by "app1";
create user app2@"localhost" identified by "app2";
-- 把角色用户授权给用户,来批量管理权限
grant app_rw to app1@"localhost";
grant app_rw to app2@"localhost";
```

### 角色权限示例

```mysql
mysql> show grants for app1@localhost;
+------------------------------------------+
| Grants for app1@localhost                |
+------------------------------------------+
| GRANT USAGE ON *.* TO `app1`@`localhost` |
| GRANT `app_rw`@`%` TO `app1`@`localhost` |
+------------------------------------------+

mysql> show grants for app_rw@"%";
+--------------------------------------------------------------------+
| Grants for app_rw@%                                                |
+--------------------------------------------------------------------+
| GRANT USAGE ON *.* TO `app_rw`@`%`                                 |
| GRANT SELECT, INSERT, UPDATE ON `app_rw`.* TO `app_rw`@`%`         |
+--------------------------------------------------------------------+

mysql> show grants for app1@localhost using app_rw;
+--------------------------------------------------------------------+
| Grants for app1@localhost                                          |
+--------------------------------------------------------------------+
| GRANT USAGE ON *.* TO `app1`@`localhost`                           |
| GRANT SELECT, INSERT, UPDATE ON `app_rw`.* TO `app1`@`localhost`   |
| GRANT `app_rw`@`%` TO `app1`@`localhost`                           |
+--------------------------------------------------------------------+
```

# 3. 创建表

```mysql
# 创建表并插入数据后查询
use test;

create table stu(id int primary key auto_increment, name varchar(32),gendeder int);
insert into stu(name,gender) values("jack",1);
alter table stu modify gender int default 0;

create table t1(id int, name varchar(10));
insert into t1 values(1,"a");
desc 1;

create database if not exists test;

# 每张表至少有一个字段
create table stus(id int,name varchar(32),gender int);
insert into stus values(1,"jack",1);

# 创建临时表,只限此次session使用.
create temporary table tmp1(id int,name varchar(10));

```

### 复制表结构

```mysql
# 方式一: 复制一张已经存在的表结构(不会复制其数据,但同步其表结构(主键,index,等))
create table t1_copy like t1;

# 删除数据表
drop table t1_copy;

# 查看表创建信息
show create table t1;

# 给表结构添加主键
alter table t1 add primary key(id);

# 给表结构添加index
create index index_1 on t1(name);

# 方式二: 复制一张已经存在的表结构(不同步其表结构(主键,index,等),但会复制其数据,)
create table t3 as select * from t1;

alter table t3 add gender int;

delete from t3 where id=3;

alter table t3 modify name varchar(32) not null;

insert into t3(id,name) values(3,"c");

default, auto_increment

drop index index_1 on t2;

# 作用在多个字段的index且组合数据唯一
create unique index i1 on t2(name,gender);

# 修改数据
update t3 set gender=0 where id=1;

# Column format目前仅在ndb存储引擎的表上有用,表示该字段的存储类型是fixed, dynamic或者是default.
# Storage目前也仅在ndb存储引擎的表上有用.
# Constraint表示为主键、唯一键、外链等约束条件命名,如果没有命名则MysQL会默认给一个Primary key表示该字段为主键,主键字段必须唯一,必须非空,一个表中只能有一个主键,主键可以包含一个或多个字段. 
# Key/index表示索引字段. 
# Unique表示该字段为唯一属性字段,且允许包含多个null值.
# Foreign key表示该字段为外键字段.

create table course(id int primary key auto_increment, course_name varchar(32));
insert into course(course_name) values("Linux"),("GO");

create table stu2course(stu_id int, course_id int);
insert into stu2course values(1,2),(2,1);
alter table stu2course add constraint fk1 foreign key (stu_id) references 
stu(id);
alter table stu2course add constraint fk2 foreign key (course_id) references course(id);

create table s2c(sid int, cid int, constraint k1 foreign key (sid) references stu(id),constraint k2 foreign key (cid) references course(id) );

```

# 4. 增加数据

```mysql
create table t1(id int primary key auto_increment, name varchar(32));
insert into t1 values(1,"a");
insert into t1 values(2,"b");
# 插入多个数据
insert into t1 values(3,"c"),(4,"d"),(5,"e");
create table t2(id int primary key auto_increment, name varchar(32));
insert into t2 select * from t1;

create table t3(id int primary key auto_increment, name varchar(32),gender int);
alter table t3 modify gender int default 0;
insert into t3(name) values("3a");
insert into t3(name) values("3b");

# 多个字段插入,可以调用内置函数,进行拼接
insert into t2(name) select concat(id,name,gender) from t3;
```

# 5. 修改数据

```bash
update t2 set id=id-8;

## 利用降序的方式去修改id
mysql> update t1 set id=id+1;
ERROR 1062 (23000): Duplicate entry '2' for key 'PRIMARY'
mysql> update t1 set id=id+1 order by id desc;
Query OK, 5 rows affected (0.01 sec)
Rows matched: 5  Changed: 5  Warnings: 0

# 利用where关键字限定某一个id,修改其值,如不限定,则全部修改
# 就很危险了
update t1 set name="A" where id=1;

# 配合limit关键字,限制显示或修改的条数
select * from t1 order by id desc limit 2;

# 修改双表的数据
update t1,t2 set t2.name=t1.name where t2.id=t1.id;

# 利用区间查看(闭区间)
select * from t1 where id >3;

select * from t1 where id >=3;

select * from t1 where id >=2 && id <=4;
select * from t1 where id >=2 and id <=4;

# 方式一
update student set student.dept_id=(select id from dept where dept_name="education") where id <= 100 ;
# 方式二
update student,dept set student.dept_id=dept.id where id<=100 and dept_name="education";
# 方式三
select id from dept where dept_name="education"
update student set student.dept_id=? where id <= 100 ;

update teacher set name="carey" where name="ruth" and 100<id and id <200;

# 删除列
alter table t2 drop column gender;
alter table t2 drop gender;
```

# 6. 删除数据

```mysql
# 删除数据之前一定要先查清楚后,再删除(加上限定语句)
# 删除所有很危险
delete from t1;

# 两种语句均可
delete from t1 where id=1;
delete t1 from t1 where id=4;

# 删除id最大的两条数据,利用select先查出来后,再删除
select * from t1 order by id desc limit 2;
delete from t1 order by id desc limit 2;

# 多表删除
select * from t2 inner join t1 where t1.id=t2.id;
# 同时删除两表id相同的数据
delete t1,t2 from t2 inner join t1 where t2.id=t1.id;
# 查两表id相同部分, 但只删除t1内的数据
delete t1 from t1 inner join t2 where t1.id=t2.id;

select id from t1 where name in ("a","c");

# 删除关联表的数据
select * from teacher inner join dept where teacher.dept_id=dept.id and
dept.name="accounting";
# 方式一
delete teacher from teacher inner join dept where teacher.dept_id=dept.id and
dept.name="accounting";
方式二
delete from teacher where dept_id in (select id from dept where dept_name in ("counting"))
```

# 7.查询数据

```mysql
# 分组
select id,count(*) from t1 group by id;

# as的使用别名
select id,count(*) as counts from t1 group by id;

# 关联表查询利用where语句,过滤笛卡尔积数据
# 方式一
select * from students,dept where students.dept_id=dept.id;
方式二
select * from t2 inner join t1 on t1.id=t2.id;

select t1.id as t1_id, t2.id as t2_id from t1,t2 where t1.id=t2.id;

# on和where的选择条件的区别：
# on后面的是连接条件，代表两个表建立关系所遵循的规则
# where后面的可以看作是筛选条件，是对最终结果集进行过滤所遵循的规则
# 示例:
select * from t1,t2 where t1.id=t2.id;
select * from t1 inner join t2 on t1.id=t2.id;

# 学生成绩单
create table scores(id int, course_name varchar(32),score int);

insert into scores values(1,"english", 90),(1,"chinese",88),(1,"math",92),(2,"eenglish",94),(2,"chinese",84),(2,"math",98);

select id, count(*) as counts, max(score),min(score),avg(score),sum(score) from scores group by id;

# 从第二列开始取数据,limit从0开始数起
select * from t1 limit 2,2;

# 去重
select count(distinct id) from scores;

# mysql.conf
secure_file_priv=/tmp

into ourfile fields terminated by ',' optionally enclosed by '"' lines terminated by "\n"

# 具有去重功能 union
select id,name from t1 union select id,name from t2;

select id,name from t1 union all select id,name from t2;

# Every derived table must have its own alias
select * from (select id from t1 union select id from t2) as t where id>2;

```

